# Version: 1.197
# Data from the package linux-firmware on Ubuntu repository
# at 2021/05/25 12:19:00
3com/typhoon.bin
adaptec/starfire_rx.bin
adaptec/starfire_tx.bin
agere_sta_fw.bin
ath9k_htc/htc_7010-1.4.0.fw
ath9k_htc/htc_9271-1.4.0.fw
atmel_at76c504_2958.bin
atmel_at76c504a_2958.bin
brcm/bcm43xx-0.fw
brcm/bcm43xx_hdr-0.fw
brcm/brcmfmac43143.bin
brcm/brcmfmac43143-sdio.bin
brcm/brcmfmac43236b.bin
brcm/brcmfmac43241b0-sdio.bin
brcm/brcmfmac43241b4-sdio.bin
brcm/brcmfmac43241b5-sdio.bin
brcm/brcmfmac43242a.bin
brcm/brcmfmac4329-sdio.bin
brcm/brcmfmac4330-sdio.bin
brcm/brcmfmac43340-sdio.bin
brcm/brcmfmac4334-sdio.bin
brcm/brcmfmac4335-sdio.bin
brcm/brcmfmac43362-sdio.bin
brcm/brcmfmac4339-sdio.bin
brcm/brcmfmac43455-sdio.bin
brcm/brcmfmac4350-pcie.bin
brcm/brcmfmac4354-sdio.bin
brcm/brcmfmac43430-sdio.bin
brcm/brcmfmac43430a0-sdio.bin
brcm/brcmfmac4350c2-pcie.bin
brcm/brcmfmac43569.bin
brcm/brcmfmac4356-pcie.bin
brcm/brcmfmac4356-sdio.bin
brcm/brcmfmac43570-pcie.bin
brcm/brcmfmac4358-pcie.bin
brcm/brcmfmac43602-pcie.bin
brcm/brcmfmac4366b-pcie.bin
brcm/brcmfmac4366c-pcie.bin
brcm/brcmfmac4371-pcie.bin
brcm/brcmfmac4373-sdio.bin
brcm/brcmfmac4373.bin
e100/d101m_ucode.bin
e100/d101s_ucode.bin
e100/d102e_ucode.bin
hfi1_dc8051.fw
hfi1_fabric.fw
hfi1_pcie.fw
hfi1_sbus.fw
ipw2100-1.3.fw
ipw2100-1.3-i.fw
ipw2100-1.3-p.fw
ipw2200-bss.fw
ipw2200-ibss.fw
ipw2200-sniffer.fw
rt2561.bin
rt2561s.bin
rt2661.bin
rt2860.bin
rt2870.bin
rt73.bin
rtl_nic/rtl8411-1.fw
rtl_nic/rtl8411-2.fw
rtl_nic/rtl8106e-1.fw
rtl_nic/rtl8106e-2.fw
rtl_nic/rtl8107e-1.fw
rtl_nic/rtl8107e-2.fw
rtl_nic/rtl8125a-3.fw
rtl_nic/rtl8125b-2.fw
rtl_nic/rtl8153a-2.fw
rtl_nic/rtl8153a-3.fw
rtl_nic/rtl8153a-4.fw
rtl_nic/rtl8153b-2.fw
rtl_nic/rtl8168fp-3.fw
rtl_nic/rtl8168e-2.fw
rtl_nic/rtl8168d-2.fw
rtl_nic/rtl8105e-1.fw
rtl_nic/rtl8168e-3.fw
rtl_nic/rtl8168d-1.fw
rtl_nic/rtl8168e-1.fw
rtl_nic/rtl8168f-2.fw
rtl_nic/rtl8168f-1.fw
rtl_nic/rtl8168g-2.fw
rtl_nic/rtl8168g-3.fw
rtl_nic/rtl8168h-1.fw
rtl_nic/rtl8168h-2.fw
rtl_nic/rtl8402-1.fw
sun/cassini.bin
tigon/tg3.bin
tigon/tg3_tso5.bin
bnx2/bnx2-mips-06-6.2.3.fw
bnx2/bnx2-mips-09-6.2.1b.fw
bnx2/bnx2-rv2p-06-6.0.15.fw
bnx2/bnx2-rv2p-09ax-6.0.17.fw
bnx2/bnx2-rv2p-09-6.0.17.fw
bnx2x/bnx2x-e1-7.13.15.0.fw
bnx2x/bnx2x-e1h-7.13.15.0.fw
bnx2x/bnx2x-e2-7.13.15.0.fw
phanfw.bin
iwlwifi-1000-5.ucode
iwlwifi-100-5.ucode
iwlwifi-105-6.ucode
iwlwifi-135-6.ucode
iwlwifi-2000-6.ucode
iwlwifi-2030-6.ucode
iwlwifi-3160-17.ucode
iwlwifi-3168-29.ucode
iwlwifi-3945-2.ucode
iwlwifi-4965-2.ucode
iwlwifi-5000-5.ucode
iwlwifi-5150-2.ucode
iwlwifi-6000-4.ucode
iwlwifi-6000g2a-6.ucode
iwlwifi-6000g2b-6.ucode
iwlwifi-6050-5.ucode
iwlwifi-7260-17.ucode
iwlwifi-7265-17.ucode
iwlwifi-7265D-29.ucode
iwlwifi-8000C-36.ucode
iwlwifi-8265-36.ucode
iwlwifi-9000-pu-b0-jf-b0-46.ucode
iwlwifi-9260-th-b0-jf-b0-46.ucode
iwlwifi-Qu-b0-hr-b0-55.ucode
iwlwifi-Qu-b0-hr-b0-59.ucode
iwlwifi-Qu-b0-jf-b0-55.ucode
iwlwifi-Qu-b0-jf-b0-59.ucode
iwlwifi-Qu-c0-hr-b0-55.ucode
iwlwifi-Qu-c0-hr-b0-59.ucode
iwlwifi-Qu-c0-jf-b0-55.ucode
iwlwifi-Qu-c0-jf-b0-59.ucode
iwlwifi-QuZ-a0-hr-b0-55.ucode
iwlwifi-QuZ-a0-hr-b0-59.ucode
iwlwifi-QuZ-a0-jf-b0-55.ucode
iwlwifi-QuZ-a0-jf-b0-59.ucode
iwlwifi-cc-a0-55.ucode
iwlwifi-cc-a0-59.ucode
iwlwifi-ty-a0-gf-a0-59.ucode
tigon/tg3_tso.bin
zd1201.fw
zd1211/zd1211b_ub
zd1211/zd1211b_uphr
zd1211/zd1211b_ur
zd1211/zd1211_ub
zd1211/zd1211_uphr
zd1211/zd1211_ur
